{
  "type": "category-rarity-model",
  "buckets": [
    0.0,
    0.0,
    0.0,
    0.0,
    0.0,
    0.0,
    0.0,
    0.0,
    0.0,
    0.0,
    0.0,
    0.0,
    0.0,
    0.0,
    0.0,
    0.0,
    0.0,
    0.0,
    0.0,
    0.0,
    0.0,
    0.0,
    0.0,
    0.0,
    0.0,
    0.0,
    0.0,
    0.0,
    0.0,
    0.0
  ],
  "numOfSamples": 900,
  "numDistinctFeatures": 10,
  "featureOccurrences": {
    "value0": 90.0,
    "value1": 90.0,
    "value2": 90.0,
    "value3": 90.0,
    "value4": 90.0,
    "value5": 90.0,
    "value6": 90.0,
    "value7": 90.0,
    "value8": 90.0,
    "value9": 90.0
  },
  "numOfPartitions": 90,
  "numberOfEntriesToSaveInModel": 100000
}
