{
  "type": "context-model",
  "numOfContexts": 50
}
